[0.012s][info][gc] Using Serial
[12.749s][info][gc] GC(0) Pause Young (Allocation Failure) 3M->1M(11M) 3.137ms
[12.769s][info][gc] GC(1) Pause Young (Allocation Failure) 4M->1M(11M) 1.792ms
[12.779s][info][gc] GC(2) Pause Young (Allocation Failure) 4M->1M(11M) 0.354ms
[12.787s][info][gc] GC(3) Pause Young (Allocation Failure) 4M->1M(11M) 0.291ms
[12.795s][info][gc] GC(4) Pause Young (Allocation Failure) 4M->1M(11M) 0.301ms
[12.801s][info][gc] GC(5) Pause Young (Allocation Failure) 4M->1M(11M) 0.391ms
[12.808s][info][gc] GC(6) Pause Young (Allocation Failure) 4M->1M(11M) 0.376ms
[12.816s][info][gc] GC(7) Pause Young (Allocation Failure) 4M->1M(11M) 0.243ms
[12.821s][info][gc] GC(8) Pause Young (Allocation Failure) 4M->1M(11M) 0.241ms
[12.827s][info][gc] GC(9) Pause Young (Allocation Failure) 4M->1M(11M) 0.312ms
[12.832s][info][gc] GC(10) Pause Young (Allocation Failure) 4M->1M(11M) 0.332ms
[12.837s][info][gc] GC(11) Pause Young (Allocation Failure) 4M->1M(11M) 0.205ms
[12.843s][info][gc] GC(12) Pause Young (Allocation Failure) 4M->1M(11M) 0.239ms
[12.848s][info][gc] GC(13) Pause Young (Allocation Failure) 4M->1M(11M) 0.285ms
[12.853s][info][gc] GC(14) Pause Young (Allocation Failure) 4M->1M(11M) 0.534ms
[12.855s][info][gc] GC(15) Pause Young (Allocation Failure) 4M->1M(11M) 0.285ms
[12.858s][info][gc] GC(16) Pause Young (Allocation Failure) 4M->1M(11M) 0.238ms
[12.861s][info][gc] GC(17) Pause Young (Allocation Failure) 4M->1M(11M) 0.200ms
[12.863s][info][gc] GC(18) Pause Young (Allocation Failure) 4M->1M(11M) 0.181ms
[12.865s][info][gc] GC(19) Pause Young (Allocation Failure) 4M->1M(11M) 0.148ms
[12.868s][info][gc] GC(20) Pause Young (Allocation Failure) 4M->1M(11M) 0.167ms
[12.870s][info][gc] GC(21) Pause Young (Allocation Failure) 4M->1M(11M) 0.135ms
[12.873s][info][gc] GC(22) Pause Young (Allocation Failure) 4M->1M(11M) 0.125ms
[12.875s][info][gc] GC(23) Pause Young (Allocation Failure) 4M->1M(11M) 0.232ms
[12.877s][info][gc] GC(24) Pause Young (Allocation Failure) 4M->1M(11M) 0.188ms
[12.880s][info][gc] GC(25) Pause Young (Allocation Failure) 4M->1M(11M) 0.176ms
[12.882s][info][gc] GC(26) Pause Young (Allocation Failure) 4M->1M(11M) 0.263ms
[12.884s][info][gc] GC(27) Pause Young (Allocation Failure) 4M->1M(11M) 0.163ms
[12.887s][info][gc] GC(28) Pause Young (Allocation Failure) 4M->1M(11M) 0.184ms
[12.889s][info][gc] GC(29) Pause Young (Allocation Failure) 4M->1M(11M) 0.173ms
[12.891s][info][gc] GC(30) Pause Young (Allocation Failure) 4M->1M(11M) 0.133ms
[12.893s][info][gc] GC(31) Pause Young (Allocation Failure) 4M->1M(11M) 0.132ms
[12.896s][info][gc] GC(32) Pause Young (Allocation Failure) 4M->1M(11M) 0.174ms
[12.898s][info][gc] GC(33) Pause Young (Allocation Failure) 4M->1M(11M) 0.189ms
[12.900s][info][gc] GC(34) Pause Young (Allocation Failure) 4M->1M(11M) 0.156ms
[12.902s][info][gc] GC(35) Pause Young (Allocation Failure) 4M->1M(11M) 0.154ms
[12.904s][info][gc] GC(36) Pause Young (Allocation Failure) 4M->1M(11M) 0.195ms
[12.906s][info][gc] GC(37) Pause Young (Allocation Failure) 4M->1M(11M) 0.183ms
[12.908s][info][gc] GC(38) Pause Young (Allocation Failure) 4M->1M(11M) 0.150ms
[12.909s][info][gc] GC(39) Pause Young (Allocation Failure) 4M->1M(11M) 0.115ms
[12.911s][info][gc] GC(40) Pause Young (Allocation Failure) 4M->1M(11M) 0.202ms
[12.913s][info][gc] GC(41) Pause Young (Allocation Failure) 4M->1M(11M) 0.176ms
[12.915s][info][gc] GC(42) Pause Young (Allocation Failure) 4M->1M(11M) 0.147ms
[12.917s][info][gc] GC(43) Pause Young (Allocation Failure) 4M->1M(11M) 0.190ms
[12.919s][info][gc] GC(44) Pause Young (Allocation Failure) 4M->1M(11M) 0.175ms
[12.921s][info][gc] GC(45) Pause Young (Allocation Failure) 4M->1M(11M) 0.151ms
[12.923s][info][gc] GC(46) Pause Young (Allocation Failure) 4M->1M(11M) 0.143ms
[12.925s][info][gc] GC(47) Pause Young (Allocation Failure) 4M->1M(11M) 0.186ms
[12.927s][info][gc] GC(48) Pause Young (Allocation Failure) 4M->1M(11M) 0.172ms
[12.929s][info][gc] GC(49) Pause Young (Allocation Failure) 4M->1M(11M) 0.151ms
[12.930s][info][gc] GC(50) Pause Young (Allocation Failure) 4M->1M(11M) 0.135ms
[12.933s][info][gc] GC(51) Pause Young (Allocation Failure) 4M->1M(11M) 0.247ms
[12.934s][info][gc] GC(52) Pause Young (Allocation Failure) 4M->1M(11M) 0.179ms
[12.936s][info][gc] GC(53) Pause Young (Allocation Failure) 4M->1M(11M) 0.132ms
[12.939s][info][gc] GC(54) Pause Young (Allocation Failure) 4M->1M(11M) 0.198ms
[12.940s][info][gc] GC(55) Pause Young (Allocation Failure) 4M->1M(11M) 0.191ms
[12.942s][info][gc] GC(56) Pause Young (Allocation Failure) 4M->1M(11M) 0.165ms
[12.944s][info][gc] GC(57) Pause Young (Allocation Failure) 4M->1M(11M) 0.142ms
[12.946s][info][gc] GC(58) Pause Young (Allocation Failure) 4M->1M(11M) 0.190ms
[12.948s][info][gc] GC(59) Pause Young (Allocation Failure) 4M->1M(11M) 0.181ms
[12.950s][info][gc] GC(60) Pause Young (Allocation Failure) 4M->1M(11M) 0.195ms
[12.952s][info][gc] GC(61) Pause Young (Allocation Failure) 4M->1M(11M) 0.142ms
[12.954s][info][gc] GC(62) Pause Young (Allocation Failure) 4M->1M(11M) 0.271ms
[12.956s][info][gc] GC(63) Pause Young (Allocation Failure) 4M->1M(11M) 0.207ms
[12.958s][info][gc] GC(64) Pause Young (Allocation Failure) 4M->1M(11M) 0.141ms
[12.960s][info][gc] GC(65) Pause Young (Allocation Failure) 4M->1M(11M) 0.198ms
[12.962s][info][gc] GC(66) Pause Young (Allocation Failure) 4M->1M(11M) 0.201ms
[12.964s][info][gc] GC(67) Pause Young (Allocation Failure) 4M->1M(11M) 0.167ms
[12.966s][info][gc] GC(68) Pause Young (Allocation Failure) 4M->1M(11M) 0.140ms
[12.968s][info][gc] GC(69) Pause Young (Allocation Failure) 4M->1M(11M) 0.199ms
[12.970s][info][gc] GC(70) Pause Young (Allocation Failure) 4M->1M(11M) 0.194ms
[12.971s][info][gc] GC(71) Pause Young (Allocation Failure) 4M->1M(11M) 0.146ms
[12.973s][info][gc] GC(72) Pause Young (Allocation Failure) 4M->1M(11M) 0.190ms
[12.975s][info][gc] GC(73) Pause Young (Allocation Failure) 4M->1M(11M) 0.187ms
[12.977s][info][gc] GC(74) Pause Young (Allocation Failure) 4M->1M(11M) 0.165ms
[12.978s][info][gc] GC(75) Pause Young (Allocation Failure) 4M->1M(11M) 0.133ms
[12.980s][info][gc] GC(76) Pause Young (Allocation Failure) 4M->1M(11M) 0.191ms
[12.982s][info][gc] GC(77) Pause Young (Allocation Failure) 4M->1M(11M) 0.179ms
[12.984s][info][gc] GC(78) Pause Young (Allocation Failure) 4M->1M(11M) 0.323ms
[12.985s][info][gc] GC(79) Pause Young (Allocation Failure) 4M->1M(11M) 0.151ms
[12.987s][info][gc] GC(80) Pause Young (Allocation Failure) 4M->1M(11M) 0.202ms
[12.989s][info][gc] GC(81) Pause Young (Allocation Failure) 5M->1M(11M) 0.174ms
[12.991s][info][gc] GC(82) Pause Young (Allocation Failure) 4M->1M(11M) 0.142ms
[12.992s][info][gc] GC(83) Pause Young (Allocation Failure) 4M->1M(11M) 0.198ms
[12.994s][info][gc] GC(84) Pause Young (Allocation Failure) 5M->1M(11M) 0.187ms
[12.996s][info][gc] GC(85) Pause Young (Allocation Failure) 4M->1M(11M) 0.158ms
[12.997s][info][gc] GC(86) Pause Young (Allocation Failure) 4M->1M(11M) 0.138ms
[12.999s][info][gc] GC(87) Pause Young (Allocation Failure) 4M->1M(11M) 0.184ms
[13.001s][info][gc] GC(88) Pause Young (Allocation Failure) 4M->1M(11M) 0.172ms
[13.003s][info][gc] GC(89) Pause Young (Allocation Failure) 4M->1M(11M) 0.148ms
[13.004s][info][gc] GC(90) Pause Young (Allocation Failure) 4M->1M(11M) 0.125ms
[13.006s][info][gc] GC(91) Pause Young (Allocation Failure) 4M->1M(11M) 0.199ms
[13.008s][info][gc] GC(92) Pause Young (Allocation Failure) 5M->1M(11M) 0.191ms
[13.010s][info][gc] GC(93) Pause Young (Allocation Failure) 4M->1M(11M) 0.157ms
[13.011s][info][gc] GC(94) Pause Young (Allocation Failure) 4M->1M(11M) 0.120ms
[13.013s][info][gc] GC(95) Pause Young (Allocation Failure) 4M->1M(11M) 0.197ms
[13.015s][info][gc] GC(96) Pause Young (Allocation Failure) 5M->1M(11M) 0.174ms
[13.017s][info][gc] GC(97) Pause Young (Allocation Failure) 4M->1M(11M) 0.141ms
[13.018s][info][gc] GC(98) Pause Young (Allocation Failure) 4M->1M(11M) 0.115ms
[13.020s][info][gc] GC(99) Pause Young (Allocation Failure) 4M->1M(11M) 0.185ms
[13.022s][info][gc] GC(100) Pause Young (Allocation Failure) 5M->1M(11M) 0.164ms
[13.024s][info][gc] GC(101) Pause Young (Allocation Failure) 4M->1M(11M) 0.131ms
[13.025s][info][gc] GC(102) Pause Young (Allocation Failure) 4M->1M(11M) 0.203ms
[13.027s][info][gc] GC(103) Pause Young (Allocation Failure) 4M->1M(11M) 0.175ms
[13.029s][info][gc] GC(104) Pause Young (Allocation Failure) 4M->1M(11M) 0.153ms
[13.030s][info][gc] GC(105) Pause Young (Allocation Failure) 4M->1M(11M) 0.163ms
[13.032s][info][gc] GC(106) Pause Young (Allocation Failure) 4M->1M(11M) 0.192ms
[13.034s][info][gc] GC(107) Pause Young (Allocation Failure) 5M->1M(11M) 0.165ms
[13.036s][info][gc] GC(108) Pause Young (Allocation Failure) 4M->1M(11M) 0.135ms
[13.037s][info][gc] GC(109) Pause Young (Allocation Failure) 4M->1M(11M) 0.186ms
[13.039s][info][gc] GC(110) Pause Young (Allocation Failure) 5M->1M(11M) 0.185ms
[13.041s][info][gc] GC(111) Pause Young (Allocation Failure) 5M->1M(11M) 0.151ms
[13.043s][info][gc] GC(112) Pause Young (Allocation Failure) 4M->1M(11M) 0.135ms
[13.044s][info][gc] GC(113) Pause Young (Allocation Failure) 4M->1M(11M) 0.184ms
[13.046s][info][gc] GC(114) Pause Young (Allocation Failure) 4M->1M(11M) 0.251ms
[13.048s][info][gc] GC(115) Pause Young (Allocation Failure) 4M->1M(11M) 0.265ms
[13.050s][info][gc] GC(116) Pause Young (Allocation Failure) 4M->1M(11M) 0.116ms
[13.051s][info][gc] GC(117) Pause Young (Allocation Failure) 4M->1M(11M) 0.196ms
[13.053s][info][gc] GC(118) Pause Young (Allocation Failure) 5M->1M(11M) 0.167ms
[13.055s][info][gc] GC(119) Pause Young (Allocation Failure) 4M->1M(11M) 0.139ms
[13.057s][info][gc] GC(120) Pause Young (Allocation Failure) 4M->1M(11M) 0.212ms
[13.058s][info][gc] GC(121) Pause Young (Allocation Failure) 5M->1M(11M) 0.178ms
[13.060s][info][gc] GC(122) Pause Young (Allocation Failure) 5M->1M(11M) 0.156ms
[13.062s][info][gc] GC(123) Pause Young (Allocation Failure) 4M->1M(11M) 0.128ms
[13.064s][info][gc] GC(124) Pause Young (Allocation Failure) 4M->1M(11M) 0.186ms
[13.065s][info][gc] GC(125) Pause Young (Allocation Failure) 4M->1M(11M) 0.172ms
[13.067s][info][gc] GC(126) Pause Young (Allocation Failure) 5M->1M(11M) 0.142ms
[13.069s][info][gc] GC(127) Pause Young (Allocation Failure) 4M->1M(11M) 0.140ms
[13.070s][info][gc] GC(128) Pause Young (Allocation Failure) 4M->1M(11M) 0.183ms
[13.072s][info][gc] GC(129) Pause Young (Allocation Failure) 5M->1M(11M) 0.193ms
[13.074s][info][gc] GC(130) Pause Young (Allocation Failure) 4M->1M(11M) 0.130ms
[13.076s][info][gc] GC(131) Pause Young (Allocation Failure) 4M->1M(11M) 0.188ms
[13.078s][info][gc] GC(132) Pause Young (Allocation Failure) 5M->1M(11M) 0.172ms
[13.079s][info][gc] GC(133) Pause Young (Allocation Failure) 5M->1M(11M) 0.160ms
[13.081s][info][gc] GC(134) Pause Young (Allocation Failure) 4M->1M(11M) 0.134ms
[13.083s][info][gc] GC(135) Pause Young (Allocation Failure) 4M->1M(11M) 0.174ms
[13.084s][info][gc] GC(136) Pause Young (Allocation Failure) 5M->1M(11M) 0.156ms
[13.086s][info][gc] GC(137) Pause Young (Allocation Failure) 4M->1M(11M) 0.130ms
[13.088s][info][gc] GC(138) Pause Young (Allocation Failure) 4M->1M(11M) 0.104ms
[13.089s][info][gc] GC(139) Pause Young (Allocation Failure) 4M->1M(11M) 0.180ms
[13.091s][info][gc] GC(140) Pause Young (Allocation Failure) 5M->1M(11M) 0.150ms
[13.093s][info][gc] GC(141) Pause Young (Allocation Failure) 4M->1M(11M) 0.113ms
[13.095s][info][gc] GC(142) Pause Young (Allocation Failure) 4M->1M(11M) 0.171ms
[13.096s][info][gc] GC(143) Pause Young (Allocation Failure) 5M->1M(11M) 0.166ms
[13.098s][info][gc] GC(144) Pause Young (Allocation Failure) 5M->1M(11M) 0.135ms
[13.099s][info][gc] GC(145) Pause Young (Allocation Failure) 4M->1M(11M) 0.114ms
[13.101s][info][gc] GC(146) Pause Young (Allocation Failure) 4M->1M(11M) 0.176ms
[13.103s][info][gc] GC(147) Pause Young (Allocation Failure) 5M->1M(11M) 0.151ms
[13.104s][info][gc] GC(148) Pause Young (Allocation Failure) 4M->1M(11M) 0.118ms
[13.106s][info][gc] GC(149) Pause Young (Allocation Failure) 4M->1M(11M) 0.178ms
[13.108s][info][gc] GC(150) Pause Young (Allocation Failure) 5M->1M(11M) 0.187ms
[13.110s][info][gc] GC(151) Pause Young (Allocation Failure) 5M->1M(11M) 0.135ms
[13.111s][info][gc] GC(152) Pause Young (Allocation Failure) 4M->1M(11M) 0.178ms
[13.113s][info][gc] GC(153) Pause Young (Allocation Failure) 4M->1M(11M) 0.168ms
[13.115s][info][gc] GC(154) Pause Young (Allocation Failure) 5M->1M(11M) 0.161ms
[13.117s][info][gc] GC(155) Pause Young (Allocation Failure) 5M->1M(11M) 0.126ms
[13.118s][info][gc] GC(156) Pause Young (Allocation Failure) 4M->1M(11M) 0.171ms
[13.120s][info][gc] GC(157) Pause Young (Allocation Failure) 5M->1M(11M) 0.173ms
[13.122s][info][gc] GC(158) Pause Young (Allocation Failure) 5M->1M(11M) 0.216ms
[13.123s][info][gc] GC(159) Pause Young (Allocation Failure) 4M->1M(11M) 0.119ms
[13.125s][info][gc] GC(160) Pause Young (Allocation Failure) 4M->1M(11M) 0.189ms
[13.127s][info][gc] GC(161) Pause Young (Allocation Failure) 5M->1M(11M) 0.173ms
[13.129s][info][gc] GC(162) Pause Young (Allocation Failure) 5M->1M(11M) 0.179ms
[13.131s][info][gc] GC(163) Pause Young (Allocation Failure) 4M->1M(11M) 0.150ms
[13.133s][info][gc] GC(164) Pause Young (Allocation Failure) 4M->1M(11M) 0.226ms
[13.135s][info][gc] GC(165) Pause Young (Allocation Failure) 5M->1M(11M) 0.180ms
[13.137s][info][gc] GC(166) Pause Young (Allocation Failure) 5M->1M(11M) 0.139ms
[13.138s][info][gc] GC(167) Pause Young (Allocation Failure) 4M->1M(11M) 0.204ms
[13.140s][info][gc] GC(168) Pause Young (Allocation Failure) 5M->1M(11M) 0.198ms
[13.142s][info][gc] GC(169) Pause Young (Allocation Failure) 5M->1M(11M) 0.169ms
[13.145s][info][gc] GC(170) Pause Young (Allocation Failure) 5M->1M(11M) 0.166ms
[13.147s][info][gc] GC(171) Pause Young (Allocation Failure) 4M->1M(11M) 0.211ms
[13.149s][info][gc] GC(172) Pause Young (Allocation Failure) 5M->1M(11M) 0.191ms
[13.150s][info][gc] GC(173) Pause Young (Allocation Failure) 5M->1M(11M) 0.162ms
[13.152s][info][gc] GC(174) Pause Young (Allocation Failure) 5M->1M(11M) 0.125ms
[13.154s][info][gc] GC(175) Pause Young (Allocation Failure) 4M->1M(11M) 0.198ms
[13.156s][info][gc] GC(176) Pause Young (Allocation Failure) 5M->1M(11M) 0.162ms
[13.158s][info][gc] GC(177) Pause Young (Allocation Failure) 5M->1M(11M) 0.263ms
[13.160s][info][gc] GC(178) Pause Young (Allocation Failure) 4M->1M(11M) 0.200ms
[13.162s][info][gc] GC(179) Pause Young (Allocation Failure) 5M->1M(11M) 0.221ms
[13.163s][info][gc] GC(180) Pause Young (Allocation Failure) 5M->1M(11M) 0.149ms
[13.165s][info][gc] GC(181) Pause Young (Allocation Failure) 5M->1M(11M) 0.115ms
[13.167s][info][gc] GC(182) Pause Young (Allocation Failure) 4M->1M(11M) 0.170ms
[13.168s][info][gc] GC(183) Pause Young (Allocation Failure) 5M->1M(11M) 0.150ms
[13.170s][info][gc] GC(184) Pause Young (Allocation Failure) 5M->1M(11M) 0.125ms
[13.172s][info][gc] GC(185) Pause Young (Allocation Failure) 5M->1M(11M) 0.206ms
[13.174s][info][gc] GC(186) Pause Young (Allocation Failure) 4M->1M(11M) 0.167ms
[13.175s][info][gc] GC(187) Pause Young (Allocation Failure) 5M->1M(11M) 0.147ms
[13.177s][info][gc] GC(188) Pause Young (Allocation Failure) 5M->1M(11M) 0.123ms
[13.179s][info][gc] GC(189) Pause Young (Allocation Failure) 4M->1M(11M) 0.168ms
[13.180s][info][gc] GC(190) Pause Young (Allocation Failure) 5M->1M(11M) 0.169ms
[13.182s][info][gc] GC(191) Pause Young (Allocation Failure) 5M->1M(11M) 0.184ms
[13.183s][info][gc] GC(192) Pause Young (Allocation Failure) 5M->1M(11M) 0.114ms
[13.185s][info][gc] GC(193) Pause Young (Allocation Failure) 4M->1M(11M) 0.167ms
[13.187s][info][gc] GC(194) Pause Young (Allocation Failure) 5M->1M(11M) 0.177ms
[13.189s][info][gc] GC(195) Pause Young (Allocation Failure) 5M->1M(11M) 0.129ms
[13.190s][info][gc] GC(196) Pause Young (Allocation Failure) 5M->1M(11M) 0.108ms
[13.192s][info][gc] GC(197) Pause Young (Allocation Failure) 4M->1M(11M) 0.254ms
[13.194s][info][gc] GC(198) Pause Young (Allocation Failure) 5M->1M(11M) 0.140ms
[13.195s][info][gc] GC(199) Pause Young (Allocation Failure) 5M->1M(11M) 0.128ms
[13.197s][info][gc] GC(200) Pause Young (Allocation Failure) 4M->1M(11M) 0.167ms
[13.199s][info][gc] GC(201) Pause Young (Allocation Failure) 5M->1M(11M) 0.164ms
[13.200s][info][gc] GC(202) Pause Young (Allocation Failure) 5M->1M(11M) 0.135ms
[13.202s][info][gc] GC(203) Pause Young (Allocation Failure) 5M->1M(11M) 0.182ms
[13.204s][info][gc] GC(204) Pause Young (Allocation Failure) 4M->1M(11M) 0.193ms
[13.205s][info][gc] GC(205) Pause Young (Allocation Failure) 5M->1M(11M) 0.146ms
[13.207s][info][gc] GC(206) Pause Young (Allocation Failure) 5M->1M(11M) 0.128ms
[13.209s][info][gc] GC(207) Pause Young (Allocation Failure) 4M->1M(11M) 0.188ms
[13.211s][info][gc] GC(208) Pause Young (Allocation Failure) 5M->1M(11M) 0.165ms
[13.212s][info][gc] GC(209) Pause Young (Allocation Failure) 5M->1M(11M) 0.140ms
[13.214s][info][gc] GC(210) Pause Young (Allocation Failure) 5M->1M(11M) 0.109ms
