[0.009s][info][gc] Using Serial
[20.019s][info][gc] GC(0) Pause Young (Allocation Failure) 3M->1M(11M) 3.003ms
[20.036s][info][gc] GC(1) Pause Young (Allocation Failure) 4M->1M(11M) 1.520ms
[20.043s][info][gc] GC(2) Pause Young (Allocation Failure) 4M->1M(11M) 0.358ms
[20.050s][info][gc] GC(3) Pause Young (Allocation Failure) 4M->1M(11M) 0.255ms
[20.055s][info][gc] GC(4) Pause Young (Allocation Failure) 4M->1M(11M) 0.200ms
[20.061s][info][gc] GC(5) Pause Young (Allocation Failure) 4M->1M(11M) 0.196ms
[20.067s][info][gc] GC(6) Pause Young (Allocation Failure) 4M->1M(11M) 0.213ms
[20.071s][info][gc] GC(7) Pause Young (Allocation Failure) 4M->1M(11M) 0.262ms
[20.076s][info][gc] GC(8) Pause Young (Allocation Failure) 4M->1M(11M) 0.214ms
[20.081s][info][gc] GC(9) Pause Young (Allocation Failure) 4M->1M(11M) 0.268ms
[20.085s][info][gc] GC(10) Pause Young (Allocation Failure) 4M->1M(11M) 0.211ms
[20.090s][info][gc] GC(11) Pause Young (Allocation Failure) 4M->1M(11M) 0.222ms
[20.093s][info][gc] GC(12) Pause Young (Allocation Failure) 4M->1M(11M) 0.165ms
[20.097s][info][gc] GC(13) Pause Young (Allocation Failure) 4M->1M(11M) 0.170ms
[20.100s][info][gc] GC(14) Pause Young (Allocation Failure) 4M->1M(11M) 0.146ms
[20.102s][info][gc] GC(15) Pause Young (Allocation Failure) 4M->1M(11M) 0.343ms
[20.105s][info][gc] GC(16) Pause Young (Allocation Failure) 4M->1M(11M) 0.237ms
[20.107s][info][gc] GC(17) Pause Young (Allocation Failure) 4M->1M(11M) 0.239ms
[20.110s][info][gc] GC(18) Pause Young (Allocation Failure) 4M->1M(11M) 0.180ms
[20.112s][info][gc] GC(19) Pause Young (Allocation Failure) 4M->1M(11M) 0.160ms
[20.114s][info][gc] GC(20) Pause Young (Allocation Failure) 4M->1M(11M) 0.182ms
[20.116s][info][gc] GC(21) Pause Young (Allocation Failure) 4M->1M(11M) 0.140ms
[20.119s][info][gc] GC(22) Pause Young (Allocation Failure) 4M->1M(11M) 0.137ms
[20.121s][info][gc] GC(23) Pause Young (Allocation Failure) 4M->1M(11M) 0.114ms
[20.123s][info][gc] GC(24) Pause Young (Allocation Failure) 4M->1M(11M) 0.173ms
[20.125s][info][gc] GC(25) Pause Young (Allocation Failure) 4M->1M(11M) 0.176ms
[20.127s][info][gc] GC(26) Pause Young (Allocation Failure) 4M->1M(11M) 0.180ms
[20.130s][info][gc] GC(27) Pause Young (Allocation Failure) 4M->1M(11M) 0.170ms
[20.132s][info][gc] GC(28) Pause Young (Allocation Failure) 4M->1M(11M) 0.159ms
[20.134s][info][gc] GC(29) Pause Young (Allocation Failure) 4M->1M(11M) 0.227ms
[20.136s][info][gc] GC(30) Pause Young (Allocation Failure) 4M->1M(11M) 0.139ms
[20.138s][info][gc] GC(31) Pause Young (Allocation Failure) 4M->1M(11M) 0.127ms
[20.140s][info][gc] GC(32) Pause Young (Allocation Failure) 4M->1M(11M) 0.119ms
[20.142s][info][gc] GC(33) Pause Young (Allocation Failure) 4M->1M(11M) 0.171ms
[20.144s][info][gc] GC(34) Pause Young (Allocation Failure) 4M->1M(11M) 0.172ms
[20.146s][info][gc] GC(35) Pause Young (Allocation Failure) 4M->1M(11M) 0.149ms
[20.148s][info][gc] GC(36) Pause Young (Allocation Failure) 4M->1M(11M) 0.120ms
[20.149s][info][gc] GC(37) Pause Young (Allocation Failure) 4M->1M(11M) 0.172ms
[20.151s][info][gc] GC(38) Pause Young (Allocation Failure) 4M->1M(11M) 0.165ms
[20.153s][info][gc] GC(39) Pause Young (Allocation Failure) 4M->1M(11M) 0.137ms
[20.155s][info][gc] GC(40) Pause Young (Allocation Failure) 4M->1M(11M) 0.111ms
[20.156s][info][gc] GC(41) Pause Young (Allocation Failure) 4M->1M(11M) 0.183ms
[20.158s][info][gc] GC(42) Pause Young (Allocation Failure) 4M->1M(11M) 0.152ms
[20.160s][info][gc] GC(43) Pause Young (Allocation Failure) 4M->1M(11M) 0.130ms
[20.162s][info][gc] GC(44) Pause Young (Allocation Failure) 4M->1M(11M) 0.175ms
[20.164s][info][gc] GC(45) Pause Young (Allocation Failure) 4M->1M(11M) 0.171ms
[20.165s][info][gc] GC(46) Pause Young (Allocation Failure) 4M->1M(11M) 0.251ms
[20.167s][info][gc] GC(47) Pause Young (Allocation Failure) 4M->1M(11M) 0.118ms
[20.169s][info][gc] GC(48) Pause Young (Allocation Failure) 4M->1M(11M) 0.173ms
[20.171s][info][gc] GC(49) Pause Young (Allocation Failure) 4M->1M(11M) 0.156ms
[20.172s][info][gc] GC(50) Pause Young (Allocation Failure) 4M->1M(11M) 0.137ms
[20.174s][info][gc] GC(51) Pause Young (Allocation Failure) 4M->1M(11M) 0.110ms
[20.176s][info][gc] GC(52) Pause Young (Allocation Failure) 4M->1M(11M) 0.184ms
[20.178s][info][gc] GC(53) Pause Young (Allocation Failure) 4M->1M(11M) 0.159ms
[20.179s][info][gc] GC(54) Pause Young (Allocation Failure) 4M->1M(11M) 0.126ms
[20.181s][info][gc] GC(55) Pause Young (Allocation Failure) 4M->1M(11M) 0.177ms
[20.183s][info][gc] GC(56) Pause Young (Allocation Failure) 4M->1M(11M) 0.226ms
[20.185s][info][gc] GC(57) Pause Young (Allocation Failure) 4M->1M(11M) 0.148ms
[20.187s][info][gc] GC(58) Pause Young (Allocation Failure) 4M->1M(11M) 0.121ms
[20.188s][info][gc] GC(59) Pause Young (Allocation Failure) 4M->1M(11M) 0.178ms
[20.190s][info][gc] GC(60) Pause Young (Allocation Failure) 4M->1M(11M) 0.163ms
[20.192s][info][gc] GC(61) Pause Young (Allocation Failure) 4M->1M(11M) 0.143ms
[20.194s][info][gc] GC(62) Pause Young (Allocation Failure) 4M->1M(11M) 0.114ms
[20.195s][info][gc] GC(63) Pause Young (Allocation Failure) 4M->1M(11M) 0.175ms
[20.197s][info][gc] GC(64) Pause Young (Allocation Failure) 4M->1M(11M) 0.164ms
[20.199s][info][gc] GC(65) Pause Young (Allocation Failure) 4M->1M(11M) 0.132ms
[20.201s][info][gc] GC(66) Pause Young (Allocation Failure) 4M->1M(11M) 0.105ms
[20.202s][info][gc] GC(67) Pause Young (Allocation Failure) 4M->1M(11M) 0.173ms
[20.204s][info][gc] GC(68) Pause Young (Allocation Failure) 4M->1M(11M) 0.153ms
[20.206s][info][gc] GC(69) Pause Young (Allocation Failure) 4M->1M(11M) 0.122ms
[20.208s][info][gc] GC(70) Pause Young (Allocation Failure) 4M->1M(11M) 0.175ms
[20.209s][info][gc] GC(71) Pause Young (Allocation Failure) 4M->1M(11M) 0.163ms
[20.211s][info][gc] GC(72) Pause Young (Allocation Failure) 4M->1M(11M) 0.140ms
[20.213s][info][gc] GC(73) Pause Young (Allocation Failure) 4M->1M(11M) 0.116ms
[20.215s][info][gc] GC(74) Pause Young (Allocation Failure) 4M->1M(11M) 0.169ms
[20.216s][info][gc] GC(75) Pause Young (Allocation Failure) 4M->1M(11M) 0.158ms
[20.218s][info][gc] GC(76) Pause Young (Allocation Failure) 4M->1M(11M) 0.127ms
[20.220s][info][gc] GC(77) Pause Young (Allocation Failure) 4M->1M(11M) 0.107ms
[20.222s][info][gc] GC(78) Pause Young (Allocation Failure) 4M->1M(11M) 0.171ms
[20.223s][info][gc] GC(79) Pause Young (Allocation Failure) 4M->1M(11M) 0.151ms
[20.225s][info][gc] GC(80) Pause Young (Allocation Failure) 4M->1M(11M) 0.120ms
[20.227s][info][gc] GC(81) Pause Young (Allocation Failure) 4M->1M(11M) 0.175ms
[20.229s][info][gc] GC(82) Pause Young (Allocation Failure) 4M->1M(11M) 0.169ms
[20.230s][info][gc] GC(83) Pause Young (Allocation Failure) 4M->1M(11M) 0.140ms
[20.232s][info][gc] GC(84) Pause Young (Allocation Failure) 4M->1M(11M) 0.117ms
[20.234s][info][gc] GC(85) Pause Young (Allocation Failure) 4M->1M(11M) 0.167ms
[20.236s][info][gc] GC(86) Pause Young (Allocation Failure) 4M->1M(11M) 0.160ms
[20.237s][info][gc] GC(87) Pause Young (Allocation Failure) 4M->1M(11M) 0.130ms
[20.239s][info][gc] GC(88) Pause Young (Allocation Failure) 4M->1M(11M) 0.102ms
[20.241s][info][gc] GC(89) Pause Young (Allocation Failure) 4M->1M(11M) 0.169ms
[20.242s][info][gc] GC(90) Pause Young (Allocation Failure) 5M->1M(11M) 0.148ms
[20.244s][info][gc] GC(91) Pause Young (Allocation Failure) 4M->1M(11M) 0.127ms
[20.246s][info][gc] GC(92) Pause Young (Allocation Failure) 4M->1M(11M) 0.173ms
[20.248s][info][gc] GC(93) Pause Young (Allocation Failure) 4M->1M(11M) 0.173ms
[20.249s][info][gc] GC(94) Pause Young (Allocation Failure) 4M->1M(11M) 0.135ms
[20.251s][info][gc] GC(95) Pause Young (Allocation Failure) 4M->1M(11M) 0.112ms
[20.253s][info][gc] GC(96) Pause Young (Allocation Failure) 4M->1M(11M) 0.181ms
[20.254s][info][gc] GC(97) Pause Young (Allocation Failure) 5M->1M(11M) 0.150ms
[20.256s][info][gc] GC(98) Pause Young (Allocation Failure) 4M->1M(11M) 0.128ms
[20.258s][info][gc] GC(99) Pause Young (Allocation Failure) 4M->1M(11M) 0.175ms
[20.260s][info][gc] GC(100) Pause Young (Allocation Failure) 5M->1M(11M) 0.308ms
[20.261s][info][gc] GC(101) Pause Young (Allocation Failure) 5M->1M(11M) 0.146ms
[20.263s][info][gc] GC(102) Pause Young (Allocation Failure) 4M->1M(11M) 0.131ms
[20.265s][info][gc] GC(103) Pause Young (Allocation Failure) 4M->1M(11M) 0.169ms
[20.266s][info][gc] GC(104) Pause Young (Allocation Failure) 4M->1M(11M) 0.154ms
[20.268s][info][gc] GC(105) Pause Young (Allocation Failure) 4M->1M(11M) 0.129ms
[20.269s][info][gc] GC(106) Pause Young (Allocation Failure) 4M->1M(11M) 0.102ms
[20.271s][info][gc] GC(107) Pause Young (Allocation Failure) 4M->1M(11M) 0.172ms
[20.273s][info][gc] GC(108) Pause Young (Allocation Failure) 5M->1M(11M) 0.141ms
[20.274s][info][gc] GC(109) Pause Young (Allocation Failure) 4M->1M(11M) 0.120ms
[20.277s][info][gc] GC(110) Pause Young (Allocation Failure) 4M->1M(11M) 0.201ms
[20.278s][info][gc] GC(111) Pause Young (Allocation Failure) 5M->1M(11M) 0.162ms
[20.280s][info][gc] GC(112) Pause Young (Allocation Failure) 5M->1M(11M) 0.145ms
[20.282s][info][gc] GC(113) Pause Young (Allocation Failure) 4M->1M(11M) 0.113ms
[20.283s][info][gc] GC(114) Pause Young (Allocation Failure) 4M->1M(11M) 0.172ms
[20.285s][info][gc] GC(115) Pause Young (Allocation Failure) 5M->1M(11M) 0.153ms
[20.287s][info][gc] GC(116) Pause Young (Allocation Failure) 5M->1M(11M) 0.134ms
[20.288s][info][gc] GC(117) Pause Young (Allocation Failure) 4M->1M(11M) 0.104ms
[20.290s][info][gc] GC(118) Pause Young (Allocation Failure) 4M->1M(11M) 0.177ms
[20.292s][info][gc] GC(119) Pause Young (Allocation Failure) 5M->1M(11M) 0.151ms
[20.293s][info][gc] GC(120) Pause Young (Allocation Failure) 4M->1M(11M) 0.116ms
[20.295s][info][gc] GC(121) Pause Young (Allocation Failure) 4M->1M(11M) 0.175ms
[20.297s][info][gc] GC(122) Pause Young (Allocation Failure) 5M->1M(11M) 0.166ms
[20.298s][info][gc] GC(123) Pause Young (Allocation Failure) 5M->1M(11M) 0.141ms
[20.300s][info][gc] GC(124) Pause Young (Allocation Failure) 4M->1M(11M) 0.122ms
[20.301s][info][gc] GC(125) Pause Young (Allocation Failure) 4M->1M(11M) 0.164ms
[20.303s][info][gc] GC(126) Pause Young (Allocation Failure) 5M->1M(11M) 0.166ms
[20.305s][info][gc] GC(127) Pause Young (Allocation Failure) 5M->1M(11M) 0.133ms
[20.306s][info][gc] GC(128) Pause Young (Allocation Failure) 4M->1M(11M) 0.181ms
[20.308s][info][gc] GC(129) Pause Young (Allocation Failure) 4M->1M(11M) 0.167ms
[20.310s][info][gc] GC(130) Pause Young (Allocation Failure) 4M->1M(11M) 0.152ms
[20.311s][info][gc] GC(131) Pause Young (Allocation Failure) 4M->1M(11M) 0.125ms
[20.313s][info][gc] GC(132) Pause Young (Allocation Failure) 4M->1M(11M) 0.169ms
[20.315s][info][gc] GC(133) Pause Young (Allocation Failure) 5M->1M(11M) 0.173ms
[20.316s][info][gc] GC(134) Pause Young (Allocation Failure) 5M->1M(11M) 0.143ms
[20.318s][info][gc] GC(135) Pause Young (Allocation Failure) 4M->1M(11M) 0.120ms
[20.320s][info][gc] GC(136) Pause Young (Allocation Failure) 4M->1M(11M) 0.172ms
[20.321s][info][gc] GC(137) Pause Young (Allocation Failure) 5M->1M(11M) 0.159ms
[20.323s][info][gc] GC(138) Pause Young (Allocation Failure) 5M->1M(11M) 0.138ms
[20.325s][info][gc] GC(139) Pause Young (Allocation Failure) 4M->1M(11M) 0.106ms
[20.327s][info][gc] GC(140) Pause Young (Allocation Failure) 4M->1M(11M) 0.179ms
[20.328s][info][gc] GC(141) Pause Young (Allocation Failure) 5M->1M(11M) 0.156ms
[20.330s][info][gc] GC(142) Pause Young (Allocation Failure) 5M->1M(11M) 0.130ms
[20.332s][info][gc] GC(143) Pause Young (Allocation Failure) 4M->1M(11M) 0.177ms
[20.333s][info][gc] GC(144) Pause Young (Allocation Failure) 5M->1M(11M) 0.181ms
[20.335s][info][gc] GC(145) Pause Young (Allocation Failure) 5M->1M(11M) 0.146ms
[20.337s][info][gc] GC(146) Pause Young (Allocation Failure) 4M->1M(11M) 0.120ms
[20.338s][info][gc] GC(147) Pause Young (Allocation Failure) 4M->1M(11M) 0.168ms
[20.340s][info][gc] GC(148) Pause Young (Allocation Failure) 5M->1M(11M) 0.165ms
[20.342s][info][gc] GC(149) Pause Young (Allocation Failure) 5M->1M(11M) 0.147ms
[20.343s][info][gc] GC(150) Pause Young (Allocation Failure) 4M->1M(11M) 0.114ms
[20.345s][info][gc] GC(151) Pause Young (Allocation Failure) 4M->1M(11M) 0.168ms
[20.347s][info][gc] GC(152) Pause Young (Allocation Failure) 5M->1M(11M) 0.161ms
[20.348s][info][gc] GC(153) Pause Young (Allocation Failure) 5M->1M(11M) 0.149ms
[20.350s][info][gc] GC(154) Pause Young (Allocation Failure) 4M->1M(11M) 0.107ms
[20.352s][info][gc] GC(155) Pause Young (Allocation Failure) 4M->1M(11M) 0.180ms
[20.353s][info][gc] GC(156) Pause Young (Allocation Failure) 5M->1M(11M) 0.162ms
[20.355s][info][gc] GC(157) Pause Young (Allocation Failure) 5M->1M(11M) 0.120ms
[20.357s][info][gc] GC(158) Pause Young (Allocation Failure) 4M->1M(11M) 0.178ms
[20.359s][info][gc] GC(159) Pause Young (Allocation Failure) 5M->1M(11M) 0.169ms
[20.360s][info][gc] GC(160) Pause Young (Allocation Failure) 5M->1M(11M) 0.142ms
[20.362s][info][gc] GC(161) Pause Young (Allocation Failure) 4M->1M(11M) 0.116ms
[20.364s][info][gc] GC(162) Pause Young (Allocation Failure) 4M->1M(11M) 0.190ms
[20.365s][info][gc] GC(163) Pause Young (Allocation Failure) 5M->1M(11M) 0.164ms
[20.367s][info][gc] GC(164) Pause Young (Allocation Failure) 5M->1M(11M) 0.136ms
[20.369s][info][gc] GC(165) Pause Young (Allocation Failure) 4M->1M(11M) 0.113ms
[20.370s][info][gc] GC(166) Pause Young (Allocation Failure) 4M->1M(11M) 0.183ms
[20.372s][info][gc] GC(167) Pause Young (Allocation Failure) 5M->1M(11M) 0.150ms
[20.374s][info][gc] GC(168) Pause Young (Allocation Failure) 5M->1M(11M) 0.129ms
[20.376s][info][gc] GC(169) Pause Young (Allocation Failure) 4M->1M(11M) 0.204ms
[20.377s][info][gc] GC(170) Pause Young (Allocation Failure) 5M->1M(11M) 0.172ms
[20.379s][info][gc] GC(171) Pause Young (Allocation Failure) 5M->1M(11M) 0.143ms
[20.381s][info][gc] GC(172) Pause Young (Allocation Failure) 5M->1M(11M) 0.124ms
[20.382s][info][gc] GC(173) Pause Young (Allocation Failure) 4M->1M(11M) 0.194ms
[20.384s][info][gc] GC(174) Pause Young (Allocation Failure) 5M->1M(11M) 0.164ms
[20.386s][info][gc] GC(175) Pause Young (Allocation Failure) 5M->1M(11M) 0.147ms
[20.388s][info][gc] GC(176) Pause Young (Allocation Failure) 4M->1M(11M) 0.105ms
[20.390s][info][gc] GC(177) Pause Young (Allocation Failure) 4M->1M(11M) 0.181ms
[20.391s][info][gc] GC(178) Pause Young (Allocation Failure) 5M->1M(11M) 0.151ms
[20.393s][info][gc] GC(179) Pause Young (Allocation Failure) 5M->1M(11M) 0.118ms
[20.395s][info][gc] GC(180) Pause Young (Allocation Failure) 4M->1M(11M) 0.173ms
[20.396s][info][gc] GC(181) Pause Young (Allocation Failure) 5M->1M(11M) 0.177ms
[20.398s][info][gc] GC(182) Pause Young (Allocation Failure) 5M->1M(11M) 0.142ms
[20.400s][info][gc] GC(183) Pause Young (Allocation Failure) 5M->1M(11M) 0.116ms
[20.401s][info][gc] GC(184) Pause Young (Allocation Failure) 4M->1M(11M) 0.186ms
[20.403s][info][gc] GC(185) Pause Young (Allocation Failure) 5M->1M(11M) 0.154ms
[20.405s][info][gc] GC(186) Pause Young (Allocation Failure) 5M->1M(11M) 0.131ms
[20.406s][info][gc] GC(187) Pause Young (Allocation Failure) 5M->1M(11M) 0.123ms
[20.408s][info][gc] GC(188) Pause Young (Allocation Failure) 4M->1M(11M) 0.176ms
[20.410s][info][gc] GC(189) Pause Young (Allocation Failure) 5M->1M(11M) 0.152ms
[20.411s][info][gc] GC(190) Pause Young (Allocation Failure) 5M->1M(11M) 0.138ms
[20.413s][info][gc] GC(191) Pause Young (Allocation Failure) 4M->1M(11M) 0.178ms
[20.415s][info][gc] GC(192) Pause Young (Allocation Failure) 5M->1M(11M) 0.165ms
[20.416s][info][gc] GC(193) Pause Young (Allocation Failure) 5M->1M(11M) 0.130ms
[20.418s][info][gc] GC(194) Pause Young (Allocation Failure) 5M->1M(11M) 0.109ms
[20.420s][info][gc] GC(195) Pause Young (Allocation Failure) 4M->1M(11M) 0.175ms
[20.422s][info][gc] GC(196) Pause Young (Allocation Failure) 5M->1M(11M) 0.155ms
[20.423s][info][gc] GC(197) Pause Young (Allocation Failure) 5M->1M(11M) 0.123ms
[20.425s][info][gc] GC(198) Pause Young (Allocation Failure) 4M->1M(11M) 0.177ms
[20.427s][info][gc] GC(199) Pause Young (Allocation Failure) 5M->1M(11M) 0.169ms
[20.428s][info][gc] GC(200) Pause Young (Allocation Failure) 5M->1M(11M) 0.141ms
[20.430s][info][gc] GC(201) Pause Young (Allocation Failure) 5M->1M(11M) 0.118ms
[20.432s][info][gc] GC(202) Pause Young (Allocation Failure) 4M->1M(11M) 0.165ms
[20.433s][info][gc] GC(203) Pause Young (Allocation Failure) 5M->1M(11M) 0.167ms
[20.435s][info][gc] GC(204) Pause Young (Allocation Failure) 5M->1M(11M) 0.131ms
[20.437s][info][gc] GC(205) Pause Young (Allocation Failure) 5M->1M(11M) 0.110ms
[20.438s][info][gc] GC(206) Pause Young (Allocation Failure) 4M->1M(11M) 0.189ms
[20.440s][info][gc] GC(207) Pause Young (Allocation Failure) 5M->1M(11M) 0.153ms
[20.442s][info][gc] GC(208) Pause Young (Allocation Failure) 5M->1M(11M) 0.121ms
[20.443s][info][gc] GC(209) Pause Young (Allocation Failure) 4M->1M(11M) 0.172ms
[20.445s][info][gc] GC(210) Pause Young (Allocation Failure) 5M->1M(11M) 0.169ms
[41.748s][info][gc] GC(211) Pause Young (Allocation Failure) 5M->1M(11M) 1.133ms
[57.011s][info][gc] GC(212) Pause Young (Allocation Failure) 5M->2M(11M) 1.700ms
[57.087s][info][gc] GC(213) Pause Young (Allocation Failure) 5M->2M(11M) 1.690ms
[57.127s][info][gc] GC(214) Pause Young (Allocation Failure) 6M->4M(11M) 3.562ms
[57.236s][info][gc] GC(215) Pause Young (Allocation Failure) 7M->4M(11M) 1.719ms
[57.448s][info][gc] GC(216) Pause Young (Allocation Failure) 7M->4M(11M) 3.158ms
[66.536s][info][gc] GC(217) Pause Young (Allocation Failure) 8M->5M(11M) 3.008ms
[79.530s][info][gc] GC(218) Pause Young (Allocation Failure) 8M->5M(11M) 1.133ms
[106.563s][info][gc] GC(219) Pause Young (Allocation Failure) 8M->5M(11M) 0.556ms
[134.580s][info][gc] GC(220) Pause Young (Allocation Failure) 8M->5M(11M) 0.529ms
